tags/seg/4.1/RTM&tags/SEG/4.1/RTM!SEG@4.1
tags/seg/4.2/RTM!SEG@4.2,SIG@4.2
tags/seg/4.2.1/RTM!SEG@4.2.1,SIG@4.2.1
tags/seg/4.3/RTM!Release@4.3,SEG@4.3,SIG@4.3,SWG@4.3
tags/seg/4.4.0/RTM!SEG@4.4.0
tags/sig/4.4.0/RTM!Release@4.4.0,SIG@4.4.0,SWG@4.4.0
tags/seg/4.5.0/RTM!Argon@1.5.0,SEG@4.5.0,SIG@4.5.0,SWG@4.5.0,SWG-R@4.5.0,SXG@4.5.0
tags/seg/4.5.1/RTM!Release@4.5.0,Argon@1.5.1,SEG@4.5.1,SXG@4.5.1
tags/seg/4.6.0/RTM!Argon@4.6.0,SEG@4.6.0,SIG@4.6.0,SWG@4.6.0,SWG-R@4.6.0,SXG@4.6.0
tags/seg/4.6.1/RTM!Argon@4.6.1,SEG@4.6.1,SIG@4.6.1,SWG@4.6.1,SWG-R@4.6.1,SXG@4.6.1
tags/seg/4.6.2/RTM!Argon@4.6.2,SEG@4.6.2,SIG@4.6.2,SWG@4.6.2,SWG-R@4.6.2,SXG@4.6.2
trunk@12963&tags/seg/4.6.3/RTM!branch:feature/WebAtsHttps1
feature/WebAtsHttps1->branches/dev/WebAtsHttps1&tags/seg/4.6.3/RTM!WebAtsHttps1@GitMigration
tags/seg/4.6.3/RTM!Release@4.6.3,Argon@4.6.3,SEG@4.6.3,SIG@4.6.3,SWG@4.6.3,SWG-R@4.6.3,SXG@4.6.3
tags/sig/4.7.0/RTM!SIG@4.7.0,SWG@4.7.0,SWG-R@4.7.0
tags/seg/4.7.0/RTM!Argon@4.7.0,SEG@4.7.0,SXG@4.7.0
tags/sig/4.7.1/RTM!SIG@4.7.1,SWG@4.7.1,SWG-R@4.7.1
tags/seg/4.7.1/RTM!Argon@4.7.1,SEG@4.7.1,SXG@4.7.1
branches/release/4.7.0 and 4.7.1&tags/seg/4.7.1/RTM!Release@4.7.1
tags/seg/4.7.2/RTM!Release@4.7.2,Argon@4.7.2,SEG@4.7.2,SIG@4.7.2,SWG@4.7.2,SWG-R@4.7.2,SXG@4.7.2
trunk@16786&tags/seg/4.8.0/RTM!branch:release/4.8
release/4.8->tags/seg/4.8.0/RTM/4.8.0&tags/seg/4.8.0/RTM/trunk!Argon@4.8.0,SEG@4.8.0,SIG@4.8.0,SWG@4.8.0,SWG-R@4.8.0,SXG@4.8.0
release/4.8->tags/seg/4.8.1/RTM!Argon@4.8.1,SEG@4.8.1,SIG@4.8.1,SWG@4.8.1,SWG-R@4.8.1,SXG@4.8.1
release/4.8->branches/release/4.8.0&tags/seg/4.8.1/RTM!Release@4.8.0
trunk@18114&tags/seg/4.8.1/RTM!branch:feature/keycloak_p1
trunk@18171&tags/seg/4.8.1/RTM!branch:feature/tdt-inbound_tls_logging
feature/tdt-inbound_tls_logging->branches/dev/tdt-inbound_tls_logging@18397&tags/seg/4.8.1/RTM!branch:feature/tdt-outbound_tls_logging
trunk@18637&tags/seg/4.9.0/RTM!branch:release/4.9
release/4.9->tags/seg/4.9.0/RTM!Argon@4.9.0,SEG@4.9.0,SIG@4.9.0,SWG@4.9.0,SWG-R@4.9.0,SXG@4.9.0
feature/tdt-inbound_tls_logging->branches/dev/tdt-inbound_tls_logging&tags/seg/4.9.0/RTM!tdt-inbound_tls_logging@GitMigration
release/4.9->branches/release/4.9.0!Release@4.9.0
trunk@18821&tags/seg/4.9.0/RTM!branch:feature/devtoolset-7
feature/devtoolset-7->branches/dev/devtoolset-7_gateways@18853&tags/seg/4.9.0/RTM!branch:feature/engine1811
feature/devtoolset-7->branches/dev/devtoolset-7_gateways&tags/seg/4.9.0/RTM!devtoolset-7@GitMigration
feature/engine1811->branches/dev/engine1811&tags/seg/4.9.0/RTM!engine1811@GitMigration
trunk!Trunk@GitMigration
feature/keycloak_p1->branches/dev/keycloak_p1&tags/seg/4.9.0/RTM!keycloak_p1@GitMigration
feature/tdt-outbound_tls_logging->branches/dev/tdt-outbound_tls_logging&tags/seg/4.9.0/RTM!tdt-outbound_tls_logging@GitMigration
